GAMS Rev 237  WEX-WEI 23.7.3 x86_64/MS Windows                                                                                                                                                                                         02/12/12 19:01:21 Page 1
G e n e r a l   A l g e b r a i c   M o d e l i n g   S y s t e m
C o m p i l a t i o n


   2  set
   3       k Menge der Fahrzeuge
   4       i Kundenknoten
   5       alias(i,j)
   6  set Kundenknoten(i) subset;
   7   
   8   
   9  parameter
  10       t(i,j) Fahrzeit von Knoten i zu Knoten j
  11       c(i,j) Entfernung von Knoten i zu Knoten j
  12       d(i)   Nachfrage am Knoten i
  13       cap(k) Kapazitaet des Fahrzeugs k
  14       BigM   BigM
  15       Tmax   Maximale Tourdauer
  16       m      Anzahl der Knoten
  17       tf(i)  fruehester Bedienzeitpunkt des Knoten
  18       ts(i)  spaetester Bedienzeitpunkt des Knoten;
  19   
INCLUDE    C:\Sites\Tourenplaner_v3\VRP_v1_Input_Instanz1.inc
  21  set i /
  22  i6
  23  depot
  24  i8
  25  i9
  26  /
  27   
  28  set k /
  29  v2
  30  /;
  31   
  32  Scalar m /
  33  4
  34  /;
  35   
  36  Scalar Tmax /
  37  4000.0
  38  /;
  39   
  40  c('i6','i6')= 0;
  41  c('i6','depot')= 21335.0;
  42  c('i6','i8')= 425.0;
  43  c('i6','i9')= 27019.0;
  44  c('depot','i6')= 21101.0;
  45  c('depot','depot')= 0;
  46  c('depot','i8')= 20720.0;
  47  c('depot','i9')= 4609.0;
  48  c('i8','i6')= 425.0;
  49  c('i8','depot')= 21113.0;
  50  c('i8','i8')= 0;
  51  c('i8','i9')= 26797.0;
  52  c('i9','i6')= 25674.0;
  53  c('i9','depot')= 4167.0;
  54  c('i9','i8')= 25293.0;
  55  c('i9','i9')= 0;
  56   
  57   
  58  t('i6','i6')= 0;
  59  t('i6','depot')= 1482.0;
  60  t('i6','i8')= 64.0;
  61  t('i6','i9')= 1545.0;
  62  t('depot','i6')= 1329.0;
  63  t('depot','depot')= 0;
  64  t('depot','i8')= 1293.0;
  65  t('depot','i9')= 739.0;
  66  t('i8','i6')= 56.0;
  67  t('i8','depot')= 1436.0;
  68  t('i8','i8')= 0;
  69  t('i8','i9')= 1499.0;
  70  t('i9','i6')= 1507.0;
  71  t('i9','depot')= 447.0;
  72  t('i9','i8')= 1471.0;
  73  t('i9','i9')= 0;
  74   
GAMS Rev 237  WEX-WEI 23.7.3 x86_64/MS Windows                                                                                                                                                                                         02/12/12 19:01:21 Page 2
G e n e r a l   A l g e b r a i c   M o d e l i n g   S y s t e m
C o m p i l a t i o n


  75   
  76  Kundenknoten(i) = yes;
  77  Kundenknoten('depot') = no;
  78   
  79   
  80  parameter cap(k) /
  81  v2 120.0
  82  /;
  83   
  84  parameter tf(i) /
  85  i6 0.0
  86  depot 0.0
  87  i8 0.0
  88  i9 0.0
  89  /;
  90   
  91  parameter ts(i) /
  92  i6 4000.0
  93  depot 4000.0
  94  i8 4000.0
  95  i9 40000.0
  96  /;
  97   
  98  parameter d(i) /
  99  i6 12.0
 100  depot 0
 101  i8 22.0
 102  i9 12.0
 103  /;
 104   
 105  parameter sz(i) Servicezeit;
 106            sz(i) = d(i)*5;
 107  parameter BigM BigM;
 108           BigM = sum((i,j), t(i,j)+sz(i))+1;
 109   
 110   
 111   
 112  variables Z  Zielfunktionswert;
 113  binary variables x Bedienunsvariable;
 114  binary variables y Tourvariable;
 115  positive variables w Anfahrtszeitpunkte;
 116  positive variable hv  Hilfsvariable;
 117   
 118  Equations
 119  Zielfunktion                               Das ist die Zielfunktion
 120  Kapazitaetsrestriktion(k)                  xxx
 121  Restriktion2(i,k)                          xxx
 122  Restriktion3(j,k)                          xxx
 123  Restriktion4(j)                            xxx
 124  Restriktion5(i,j)                          xxx
 125  Restriktion6(i,k)                          xxx
 126  Restriktion7(i)                            xxx
 127  Restriktion8(i)                            xxx
 128  Restriktion9(i,j,k)                        xxx
 129  Restriktion10(i,k)                         xxx
 130  Restriktion11                              xxx
 131  ;
 132   
 133  Zielfunktion..
 134       Z =e=   sum((i,j,k),c(i,j)*x(i,j,k));
 135   
 136  Kapazitaetsrestriktion(k)..
 137           sum(i, d(i)*y(i,k)) =l= cap(k);
 138   
 139  Restriktion2(i,k)..
 140           sum(j, x(i,j,k)) =e= y(i,k);
 141   
 142  Restriktion3(j,k)..
 143           sum(i, x(i,j,k)) =e= y(j,k);
 144   
 145  Restriktion4(i)$(Kundenknoten(i))..
 146           sum(k, y(i,k)) =e= 1;
 147   
GAMS Rev 237  WEX-WEI 23.7.3 x86_64/MS Windows                                                                                                                                                                                         02/12/12 19:01:21 Page 3
G e n e r a l   A l g e b r a i c   M o d e l i n g   S y s t e m
C o m p i l a t i o n


 148  Restriktion5(i,j)$(Kundenknoten(j) and Kundenknoten(i) and ord(i)<>ord(j))..
 149           hv(i)-hv(j)+ m*sum(k, x(i,j,k)) =l= m-1;
 150   
 151  Restriktion6(i,k)..
 152           x(i,i,k) =e= 0;
 153   
 154  Restriktion7(i)$(Kundenknoten(i))..
 155           w(i) =g= tf(i);
 156   
 157  Restriktion8(i)$(Kundenknoten(i))..
 158           w(i) =l= ts(i);
 159   
 160  Restriktion9(i,j,k)$(Kundenknoten(j) and ord(i)<>ord(j))..
 161           w(j) =g= w(i) + sz(i) + t(i,j) - (1-x(i,j,k))*BigM;
 162   
 163  Restriktion10(i,k)$(Kundenknoten(i))..
 164           w(i) + sz(i) + t(i,'depot') - (1-x(i,'depot',k))*BigM =l= Tmax;
 165   
 166  Restriktion11..
 167           w('dstart')=e=0
 168   
 169   
 170  model vrp /
 171                   Zielfunktion
 172                    ,Kapazitaetsrestriktion
 173                    ,Restriktion2
 174                    ,Restriktion3
 175                    ,Restriktion4
 176                    ,Restriktion5
 177                    ,Restriktion6
 178                    ,Restriktion7
 179                    ,Restriktion8
 180                    ,Restriktion9
 181                    ,Restriktion10
 182                    ,Restriktion11
 183                   /;
 184   
 185   
 186   
 187   
 188  solve vrp minimizing Z using mip ;
 189   
 190  display x.l, w.l;
 191   
 192   
 193  file outputfile1 / 'VRP_Loesung1.txt'/;
 194  put outputfile1;
 195     loop(k,
 196       loop(i,
 197           loop(j,
 198              if ( x.l(i,j,k) = 1,
 199               put  i.tl:0, ' ; ' j.tl:0, ' ; ' y.l(i,k), ' ; ' k.tl:0 /
 200               );
 201           );
 202       );
 203  );
 204   
 205  putclose outputfile1;
 206   
 207  file outputfile2 / 'VRP_Loesung2.txt'/;
 208  put outputfile2;
 209   
 210  loop(i,
 211          put  i.tl:0, ' ; ',  w.l(i) /
 212       );
 213   
 214  putclose outputfile2;
 215   
 216  file outputfile3 / 'VRP_Loesung3.txt'/;
 217  put outputfile3;
 218   
 219  loop(k,
 220  loop(i,
GAMS Rev 237  WEX-WEI 23.7.3 x86_64/MS Windows                                                                                                                                                                                         02/12/12 19:01:21 Page 4
G e n e r a l   A l g e b r a i c   M o d e l i n g   S y s t e m
C o m p i l a t i o n


 221      if (y.l(i,k) = 1,
 222               put  i.tl:0, ' ; ', k.tl:0, " ; ",  y.l(i,k) /
 223            );
 224       );
 225  );
 226  putclose outputfile3;
GAMS Rev 237  WEX-WEI 23.7.3 x86_64/MS Windows                                                                                                                                                                                         02/12/12 19:01:21 Page 5
G e n e r a l   A l g e b r a i c   M o d e l i n g   S y s t e m
Include File Summary


   SEQ   GLOBAL TYPE      PARENT   LOCAL  FILENAME

     1        1 INPUT          0       0  C:\Sites\Tourenplaner_v3\VRP_V3.gms
     2       20 INCLUDE        1      20  .C:\Sites\Tourenplaner_v3\VRP_v1_Input_Instanz1.inc


COMPILATION TIME     =        0.015 SECONDS      3 Mb  WEX237-237 Aug 23, 2011
GAMS Rev 237  WEX-WEI 23.7.3 x86_64/MS Windows                                                                                                                                                                                         02/12/12 19:01:21 Page 6
G e n e r a l   A l g e b r a i c   M o d e l i n g   S y s t e m
Equation Listing    SOLVE vrp Using MIP From line 188


---- Zielfunktion  =E=  Das ist die Zielfunktion

Zielfunktion..  Z - 21335*x(i6,depot,v2) - 425*x(i6,i8,v2) - 27019*x(i6,i9,v2) - 21101*x(depot,i6,v2) - 20720*x(depot,i8,v2) - 4609*x(depot,i9,v2) - 425*x(i8,i6,v2) - 21113*x(i8,depot,v2) - 26797*x(i8,i9,v2) - 25674*x(i9,i6,v2) - 4167*x(i9,depot,v2)
     
      - 25293*x(i9,i8,v2) =E= 0 ; (LHS = 0)
     

---- Kapazitaetsrestriktion  =L=  xxx

Kapazitaetsrestriktion(v2)..  12*y(i6,v2) + 22*y(i8,v2) + 12*y(i9,v2) =L= 120 ; (LHS = 0)
     

---- Restriktion2  =E=  xxx

Restriktion2(i6,v2)..  x(i6,i6,v2) + x(i6,depot,v2) + x(i6,i8,v2) + x(i6,i9,v2) - y(i6,v2) =E= 0 ; (LHS = 0)
     
Restriktion2(depot,v2)..  x(depot,i6,v2) + x(depot,depot,v2) + x(depot,i8,v2) + x(depot,i9,v2) - y(depot,v2) =E= 0 ; (LHS = 0)
     
Restriktion2(i8,v2)..  x(i8,i6,v2) + x(i8,depot,v2) + x(i8,i8,v2) + x(i8,i9,v2) - y(i8,v2) =E= 0 ; (LHS = 0)
     
REMAINING ENTRY SKIPPED


---- Restriktion3  =E=  xxx

Restriktion3(i6,v2)..  x(i6,i6,v2) + x(depot,i6,v2) + x(i8,i6,v2) + x(i9,i6,v2) - y(i6,v2) =E= 0 ; (LHS = 0)
     
Restriktion3(depot,v2)..  x(i6,depot,v2) + x(depot,depot,v2) + x(i8,depot,v2) + x(i9,depot,v2) - y(depot,v2) =E= 0 ; (LHS = 0)
     
Restriktion3(i8,v2)..  x(i6,i8,v2) + x(depot,i8,v2) + x(i8,i8,v2) + x(i9,i8,v2) - y(i8,v2) =E= 0 ; (LHS = 0)
     
REMAINING ENTRY SKIPPED


---- Restriktion4  =E=  xxx

Restriktion4(i6)..  y(i6,v2) =E= 1 ; (LHS = 0, INFES = 1 ****)
     
Restriktion4(i8)..  y(i8,v2) =E= 1 ; (LHS = 0, INFES = 1 ****)
     
Restriktion4(i9)..  y(i9,v2) =E= 1 ; (LHS = 0, INFES = 1 ****)
     

---- Restriktion5  =L=  xxx

Restriktion5(i6,i8)..  4*x(i6,i8,v2) + hv(i6) - hv(i8) =L= 3 ; (LHS = 0)
     
Restriktion5(i6,i9)..  4*x(i6,i9,v2) + hv(i6) - hv(i9) =L= 3 ; (LHS = 0)
     
Restriktion5(i8,i6)..  4*x(i8,i6,v2) - hv(i6) + hv(i8) =L= 3 ; (LHS = 0)
     
REMAINING 3 ENTRIES SKIPPED


---- Restriktion6  =E=  xxx

Restriktion6(i6,v2)..  x(i6,i6,v2) =E= 0 ; (LHS = 0)
     
Restriktion6(depot,v2)..  x(depot,depot,v2) =E= 0 ; (LHS = 0)
     
Restriktion6(i8,v2)..  x(i8,i8,v2) =E= 0 ; (LHS = 0)
     
REMAINING ENTRY SKIPPED


---- Restriktion7  =G=  xxx

Restriktion7(i6)..  w(i6) =G= 0 ; (LHS = 0)
     
Restriktion7(i8)..  w(i8) =G= 0 ; (LHS = 0)
     
GAMS Rev 237  WEX-WEI 23.7.3 x86_64/MS Windows                                                                                                                                                                                         02/12/12 19:01:21 Page 7
G e n e r a l   A l g e b r a i c   M o d e l i n g   S y s t e m
Equation Listing    SOLVE vrp Using MIP From line 188


     Restriktion7  =G=  xxx

Restriktion7(i9)..  w(i9) =G= 0 ; (LHS = 0)
     

---- Restriktion8  =L=  xxx

Restriktion8(i6)..  w(i6) =L= 4000 ; (LHS = 0)
     
Restriktion8(i8)..  w(i8) =L= 4000 ; (LHS = 0)
     
Restriktion8(i9)..  w(i9) =L= 40000 ; (LHS = 0)
     

---- Restriktion9  =G=  xxx

Restriktion9(i6,i8,v2)..  - 13789*x(i6,i8,v2) - w(i6) + w(i8) =G= -13665 ; (LHS = 0)
     
Restriktion9(i6,i9,v2)..  - 13789*x(i6,i9,v2) - w(i6) + w(i9) =G= -12184 ; (LHS = 0)
     
Restriktion9(depot,i6,v2)..  - 13789*x(depot,i6,v2) + w(i6) - w(depot) =G= -12460 ; (LHS = 0)
     
REMAINING 6 ENTRIES SKIPPED


---- Restriktion10  =L=  xxx

Restriktion10(i6,v2)..  13789*x(i6,depot,v2) + w(i6) =L= 16247 ; (LHS = 0)
     
Restriktion10(i8,v2)..  13789*x(i8,depot,v2) + w(i8) =L= 16243 ; (LHS = 0)
     
Restriktion10(i9,v2)..  13789*x(i9,depot,v2) + w(i9) =L= 17282 ; (LHS = 0)
     

---- Restriktion11  =E=  xxx

Restriktion11..  w(dstart) =E= 0 ; (LHS = 0)
     
GAMS Rev 237  WEX-WEI 23.7.3 x86_64/MS Windows                                                                                                                                                                                         02/12/12 19:01:21 Page 8
G e n e r a l   A l g e b r a i c   M o d e l i n g   S y s t e m
Column Listing      SOLVE vrp Using MIP From line 188


---- Z  Zielfunktionswert

Z
                (.LO, .L, .UP, .M = -INF, 0, +INF, 0)
        1       Zielfunktion


---- x  Bedienunsvariable

x(i6,i6,v2)
                (.LO, .L, .UP, .M = 0, 0, 1, 0)
        1       Restriktion2(i6,v2)
        1       Restriktion3(i6,v2)
        1       Restriktion6(i6,v2)

x(i6,depot,v2)
                (.LO, .L, .UP, .M = 0, 0, 1, 0)
   -21335       Zielfunktion
        1       Restriktion2(i6,v2)
        1       Restriktion3(depot,v2)
    13789       Restriktion10(i6,v2)

x(i6,i8,v2)
                (.LO, .L, .UP, .M = 0, 0, 1, 0)
     -425       Zielfunktion
        1       Restriktion2(i6,v2)
        1       Restriktion3(i8,v2)
        4       Restriktion5(i6,i8)
   -13789       Restriktion9(i6,i8,v2)

REMAINING 13 ENTRIES SKIPPED

---- y  Tourvariable

y(i6,v2)
                (.LO, .L, .UP, .M = 0, 0, 1, 0)
       12       Kapazitaetsrestriktion(v2)
       -1       Restriktion2(i6,v2)
       -1       Restriktion3(i6,v2)
        1       Restriktion4(i6)

y(depot,v2)
                (.LO, .L, .UP, .M = 0, 0, 1, 0)
       -1       Restriktion2(depot,v2)
       -1       Restriktion3(depot,v2)

y(i8,v2)
                (.LO, .L, .UP, .M = 0, 0, 1, 0)
       22       Kapazitaetsrestriktion(v2)
       -1       Restriktion2(i8,v2)
       -1       Restriktion3(i8,v2)
        1       Restriktion4(i8)

REMAINING ENTRY SKIPPED

---- w  Anfahrtszeitpunkte

w(i6)
                (.LO, .L, .UP, .M = 0, 0, +INF, 0)
        1       Restriktion7(i6)
        1       Restriktion8(i6)
       -1       Restriktion9(i6,i8,v2)
       -1       Restriktion9(i6,i9,v2)
        1       Restriktion9(depot,i6,v2)
        1       Restriktion9(i8,i6,v2)
        1       Restriktion9(i9,i6,v2)
        1       Restriktion10(i6,v2)

w(depot)
                (.LO, .L, .UP, .M = 0, 0, +INF, 0)
       -1       Restriktion9(depot,i6,v2)
       -1       Restriktion9(depot,i8,v2)
       -1       Restriktion9(depot,i9,v2)
GAMS Rev 237  WEX-WEI 23.7.3 x86_64/MS Windows                                                                                                                                                                                         02/12/12 19:01:21 Page 9
G e n e r a l   A l g e b r a i c   M o d e l i n g   S y s t e m
Column Listing      SOLVE vrp Using MIP From line 188


     w  Anfahrtszeitpunkte


w(i8)
                (.LO, .L, .UP, .M = 0, 0, +INF, 0)
        1       Restriktion7(i8)
        1       Restriktion8(i8)
        1       Restriktion9(i6,i8,v2)
        1       Restriktion9(depot,i8,v2)
       -1       Restriktion9(i8,i6,v2)
       -1       Restriktion9(i8,i9,v2)
        1       Restriktion9(i9,i8,v2)
        1       Restriktion10(i8,v2)

REMAINING 2 ENTRIES SKIPPED

---- hv  Hilfsvariable

hv(i6)
                (.LO, .L, .UP, .M = 0, 0, +INF, 0)
        1       Restriktion5(i6,i8)
        1       Restriktion5(i6,i9)
       -1       Restriktion5(i8,i6)
       -1       Restriktion5(i9,i6)

hv(i8)
                (.LO, .L, .UP, .M = 0, 0, +INF, 0)
       -1       Restriktion5(i6,i8)
        1       Restriktion5(i8,i6)
        1       Restriktion5(i8,i9)
       -1       Restriktion5(i9,i8)

hv(i9)
                (.LO, .L, .UP, .M = 0, 0, +INF, 0)
       -1       Restriktion5(i6,i9)
       -1       Restriktion5(i8,i9)
        1       Restriktion5(i9,i6)
        1       Restriktion5(i9,i8)

GAMS Rev 237  WEX-WEI 23.7.3 x86_64/MS Windows                                                                                                                                                                                        02/12/12 19:01:21 Page 10
G e n e r a l   A l g e b r a i c   M o d e l i n g   S y s t e m
Model Statistics    SOLVE vrp Using MIP From line 188


MODEL STATISTICS

BLOCKS OF EQUATIONS          12     SINGLE EQUATIONS           42
BLOCKS OF VARIABLES           5     SINGLE VARIABLES           29
NON ZERO ELEMENTS           121     DISCRETE VARIABLES         20


GENERATION TIME      =        0.000 SECONDS      4 Mb  WEX237-237 Aug 23, 2011


EXECUTION TIME       =        0.000 SECONDS      4 Mb  WEX237-237 Aug 23, 2011
GAMS Rev 237  WEX-WEI 23.7.3 x86_64/MS Windows                                                                                                                                                                                        02/12/12 19:01:21 Page 11
G e n e r a l   A l g e b r a i c   M o d e l i n g   S y s t e m
Solution Report     SOLVE vrp Using MIP From line 188


               S O L V E      S U M M A R Y

     MODEL   vrp                 OBJECTIVE  Z
     TYPE    MIP                 DIRECTION  MINIMIZE
     SOLVER  CPLEX               FROM LINE  188

**** SOLVER STATUS     1 Normal Completion         
**** MODEL STATUS      1 Optimal                   
**** OBJECTIVE VALUE            51662.0000

 RESOURCE USAGE, LIMIT          0.032      1000.000
 ITERATION COUNT, LIMIT        20    2000000000

IBM ILOG CPLEX   Jul 14, 2011 23.7.3 WEX 27723.27726 WEI x86_64/MS Windows
Cplex 12.3.0.0

MIP status(101): integer optimal solution
Fixing integer variables, and solving final LP...
Fixed MIP status(1): optimal
Proven optimal solution.

MIP Solution:        51662.000000    (18 iterations, 0 nodes)
Final Solve:         51662.000000    (2 iterations)

Best possible:       51662.000000
Absolute gap:            0.000000
Relative gap:            0.000000


                           LOWER          LEVEL          UPPER         MARGINAL

---- EQU Zielfunkt~          .              .              .             1.0000      

  Zielfunktion  Das ist die Zielfunktion

---- EQU Kapazitaetsrestriktion  xxx

          LOWER          LEVEL          UPPER         MARGINAL

v2        -INF           46.0000       120.0000          .          

---- EQU Restriktion2  xxx

                LOWER          LEVEL          UPPER         MARGINAL

i6   .v2          .              .              .              .          
depot.v2          .              .              .              .          
i8   .v2          .              .              .              .          
i9   .v2          .              .              .              .          

---- EQU Restriktion3  xxx

                LOWER          LEVEL          UPPER         MARGINAL

i6   .v2          .              .              .              .          
depot.v2          .              .              .              .          
i8   .v2          .              .              .              .          
i9   .v2          .              .              .              .          

---- EQU Restriktion4  xxx

          LOWER          LEVEL          UPPER         MARGINAL

i6         1.0000         1.0000         1.0000          .          
i8         1.0000         1.0000         1.0000          .          
i9         1.0000         1.0000         1.0000          .          
GAMS Rev 237  WEX-WEI 23.7.3 x86_64/MS Windows                                                                                                                                                                                        02/12/12 19:01:21 Page 12
G e n e r a l   A l g e b r a i c   M o d e l i n g   S y s t e m
Solution Report     SOLVE vrp Using MIP From line 188


---- EQU Restriktion5  xxx

             LOWER          LEVEL          UPPER         MARGINAL

i6.i8        -INF            1.0000         3.0000          .          
i6.i9        -INF            2.0000         3.0000          .          
i8.i6        -INF            3.0000         3.0000         EPS         
i8.i9        -INF            1.0000         3.0000          .          
i9.i6        -INF           -2.0000         3.0000          .          
i9.i8        -INF            3.0000         3.0000         EPS         

---- EQU Restriktion6  xxx

                LOWER          LEVEL          UPPER         MARGINAL

i6   .v2          .              .              .              .          
depot.v2          .              .              .              .          
i8   .v2          .              .              .              .          
i9   .v2          .              .              .              .          

---- EQU Restriktion7  xxx

          LOWER          LEVEL          UPPER         MARGINAL

i6          .          2458.0000        +INF             .          
i8          .          2292.0000        +INF             .          
i9          .           739.0000        +INF             .          

---- EQU Restriktion8  xxx

          LOWER          LEVEL          UPPER         MARGINAL

i6        -INF         2458.0000      4000.0000          .          
i8        -INF         2292.0000      4000.0000          .          
i9        -INF          739.0000     40000.0000          .          

---- EQU Restriktion9  xxx

                   LOWER          LEVEL          UPPER         MARGINAL

i6   .i8.v2    -13665.0000      -166.0000        +INF             .          
i6   .i9.v2    -12184.0000     -1719.0000        +INF             .          
depot.i6.v2    -12460.0000      2458.0000        +INF             .          
depot.i8.v2    -12496.0000      2292.0000        +INF             .          
depot.i9.v2    -13050.0000    -13050.0000        +INF            EPS         
i8   .i6.v2    -13623.0000    -13623.0000        +INF            EPS         
i8   .i9.v2    -12180.0000     -1553.0000        +INF             .          
i9   .i6.v2    -12222.0000      1719.0000        +INF             .          
i9   .i8.v2    -12258.0000    -12236.0000        +INF             .          

---- EQU Restriktion10  xxx

             LOWER          LEVEL          UPPER         MARGINAL

i6.v2        -INF        16247.0000     16247.0000         EPS         
i8.v2        -INF         2292.0000     16243.0000          .          
i9.v2        -INF          739.0000     17282.0000          .          

                           LOWER          LEVEL          UPPER         MARGINAL

---- EQU Restrikti~          .              .              .             EPS         

  Restriktion11  xxx

                           LOWER          LEVEL          UPPER         MARGINAL

---- VAR Z                 -INF        51662.0000        +INF             .          

  Z  Zielfunktionswert
GAMS Rev 237  WEX-WEI 23.7.3 x86_64/MS Windows                                                                                                                                                                                        02/12/12 19:01:21 Page 13
G e n e r a l   A l g e b r a i c   M o d e l i n g   S y s t e m
Solution Report     SOLVE vrp Using MIP From line 188


---- VAR x  Bedienunsvariable

                      LOWER          LEVEL          UPPER         MARGINAL

i6   .i6   .v2          .              .             1.0000         EPS         
i6   .depot.v2          .             1.0000         1.0000     21335.0000      
i6   .i8   .v2          .              .             1.0000       425.0000      
i6   .i9   .v2          .              .             1.0000     27019.0000      
depot.i6   .v2          .              .             1.0000     21101.0000      
depot.depot.v2          .              .             1.0000         EPS         
depot.i8   .v2          .              .             1.0000     20720.0000      
depot.i9   .v2          .             1.0000         1.0000      4609.0000      
i8   .i6   .v2          .             1.0000         1.0000       425.0000      
i8   .depot.v2          .              .             1.0000     21113.0000      
i8   .i8   .v2          .              .             1.0000         EPS         
i8   .i9   .v2          .              .             1.0000     26797.0000      
i9   .i6   .v2          .              .             1.0000     25674.0000      
i9   .depot.v2          .              .             1.0000      4167.0000      
i9   .i8   .v2          .             1.0000         1.0000     25293.0000      
i9   .i9   .v2          .              .             1.0000         EPS         

---- VAR y  Tourvariable

                LOWER          LEVEL          UPPER         MARGINAL

i6   .v2          .             1.0000         1.0000         EPS         
depot.v2          .             1.0000         1.0000         EPS         
i8   .v2          .             1.0000         1.0000         EPS         
i9   .v2          .             1.0000         1.0000         EPS         

---- VAR w  Anfahrtszeitpunkte

              LOWER          LEVEL          UPPER         MARGINAL

i6              .          2458.0000        +INF             .          
depot           .              .            +INF            EPS         
i8              .          2292.0000        +INF             .          
i9              .           739.0000        +INF             .          
dstart          .              .            +INF             .          

---- VAR hv  Hilfsvariable

          LOWER          LEVEL          UPPER         MARGINAL

i6          .             2.0000        +INF             .          
i8          .             1.0000        +INF             .          
i9          .              .            +INF            EPS         


**** REPORT SUMMARY :        0     NONOPT
                             0 INFEASIBLE
                             0  UNBOUNDED
GAMS Rev 237  WEX-WEI 23.7.3 x86_64/MS Windows                                                                                                                                                                                        02/12/12 19:01:21 Page 14
G e n e r a l   A l g e b r a i c   M o d e l i n g   S y s t e m
E x e c u t i o n


----    190 VARIABLE x.L  Bedienunsvariable

                     v2

i6   .depot       1.000
depot.i9          1.000
i8   .i6          1.000
i9   .i8          1.000


----    190 VARIABLE w.L  Anfahrtszeitpunkte

i6 2458.000,    i8 2292.000,    i9  739.000


**** REPORT FILE SUMMARY

outputfile1 C:\Sites\Tourenplaner_v3\VRP_Loesung1.txt
outputfile2 C:\Sites\Tourenplaner_v3\VRP_Loesung2.txt
outputfile3 C:\Sites\Tourenplaner_v3\VRP_Loesung3.txt


EXECUTION TIME       =        0.000 SECONDS      3 Mb  WEX237-237 Aug 23, 2011


USER: Stefan Helber                                  G110217/0001AH-WIN
      Leibniz University Hannover, Lehrstuhl fuer ProduktionswirtDC6657
      License for teaching and research at degree granting institutions


**** FILE SUMMARY

Input      C:\Sites\Tourenplaner_v3\VRP_V3.gms
Output     C:\Sites\Tourenplaner_v3\VRP_V3.lst
